// Jest Snapshot v1, https://goo.gl/fbAQLP

exports[`GameHistory renders correctly 1`] = `
<div
  className="root"
>
  <div>
    <div
      className="move"
      onClick={[Function]}
      title="new Date(1524896229792).toString()"
    >
      <div>
        <fieldset
          className="turnBegan"
        >
          <legend>
            <span
              className="username"
            >
              Tim
            </span>
          </legend>
        </fieldset>
      </div>
    </div>
  </div>
  <div>
    <div
      className="move selected"
      onClick={[Function]}
    >
      <div>
        <span
          className="username"
        >
          Rita
        </span>
         drew position tile 
        3D
        .
      </div>
    </div>
  </div>
  <div>
    <div
      className="move"
      onClick={[Function]}
    >
      <div>
        <span
          className="username"
        >
          Dad
        </span>
         started the game.
      </div>
    </div>
  </div>
  <div>
    <div
      className="move"
      onClick={[Function]}
    >
      <div>
        <span
          className="username"
        >
          Mom
        </span>
         drew tile 
        12B
        .
      </div>
    </div>
  </div>
  <div>
    <div
      className="move"
      onClick={[Function]}
    >
      <div>
        <span
          className="username"
        >
          Tim
        </span>
         has no playable tile.
      </div>
    </div>
  </div>
  <div>
    <div
      className="move"
      onClick={[Function]}
    >
      <div>
        <span
          className="username"
        >
          Rita
        </span>
         played tile 
        5E
        .
      </div>
    </div>
  </div>
  <div>
    <div
      className="move"
      onClick={[Function]}
    >
      <div>
        <span
          className="username"
        >
          Dad
        </span>
         formed 
        <span
          className="luxor"
        >
          Luxor
        </span>
        .
      </div>
    </div>
  </div>
  <div>
    <div
      className="move"
      onClick={[Function]}
    >
      <div>
        <span
          className="username"
        >
          Mom
        </span>
         merged 
        <span
          className="tower"
        >
          Tower
        </span>
         and 
        <span
          className="american"
        >
          American
        </span>
        .
      </div>
      <div>
        <span
          className="username"
        >
          Tim
        </span>
         merged 
        <span
          className="festival"
        >
          Festival
        </span>
        , 
        <span
          className="worldwide"
        >
          Worldwide
        </span>
        , and 
        <span
          className="continental"
        >
          Continental
        </span>
        .
      </div>
      <div>
        <span
          className="username"
        >
          Rita
        </span>
         merged 
        <span
          className="luxor"
        >
          Luxor
        </span>
        , 
        <span
          className="tower"
        >
          Tower
        </span>
        , 
        <span
          className="american"
        >
          American
        </span>
        , and
         
        <span
          className="imperial"
        >
          Imperial
        </span>
        .
      </div>
    </div>
  </div>
  <div>
    <div
      className="move"
      onClick={[Function]}
    >
      <div>
        <span
          className="username"
        >
          Dad
        </span>
         selected 
        <span
          className="festival"
        >
          Festival
        </span>
         as merger survivor.
      </div>
    </div>
  </div>
  <div>
    <div
      className="move"
      onClick={[Function]}
    >
      <div>
        <span
          className="username"
        >
          Mom
        </span>
         selected 
        <span
          className="worldwide"
        >
          Worldwide
        </span>
         as chain to dispose of next.
      </div>
    </div>
  </div>
  <div>
    <div
      className="move"
      onClick={[Function]}
    >
      <div>
        <span
          className="username"
        >
          Tim
        </span>
         received a $
        2500
         
        <span
          className="continental"
        >
          Continental
        </span>
         bonus.
      </div>
    </div>
  </div>
  <div>
    <div
      className="move"
      onClick={[Function]}
    >
      <div>
        <span
          className="username"
        >
          Rita
        </span>
         traded 
        2
         and sold 
        3
         
        <span
          className="imperial"
        >
          Imperial
        </span>
         shares.
      </div>
    </div>
  </div>
  <div>
    <div
      className="move"
      onClick={[Function]}
    >
      <div>
        <span
          className="username"
        >
          Dad
        </span>
         could not afford any shares.
      </div>
    </div>
  </div>
  <div>
    <div
      className="move"
      onClick={[Function]}
    >
      <div>
        <span
          className="username"
        >
          Mom
        </span>
         purchased nothing.
      </div>
      <div>
        <span
          className="username"
        >
          Tim
        </span>
         purchased 
        3
         
        <span
          className="luxor"
        >
          Luxor
        </span>
        .
      </div>
      <div>
        <span
          className="username"
        >
          Rita
        </span>
         purchased 
        2
         
        <span
          className="tower"
        >
          Tower
        </span>
         and 
        1
         
        <span
          className="american"
        >
          American
        </span>
        .
      </div>
      <div>
        <span
          className="username"
        >
          Dad
        </span>
         purchased 
        1
         
        <span
          className="festival"
        >
          Festival
        </span>
        , 
        1
         
        <span
          className="worldwide"
        >
          Worldwide
        </span>
        , and 
        1
         
        <span
          className="continental"
        >
          Continental
        </span>
        .
      </div>
    </div>
  </div>
  <div>
    <div
      className="move"
      onClick={[Function]}
    >
      <div>
        <span
          className="username"
        >
          Mom
        </span>
         drew the last tile from the tile bag.
      </div>
    </div>
  </div>
  <div>
    <div
      className="move"
      onClick={[Function]}
    >
      <div>
        <span
          className="username"
        >
          Tim
        </span>
         replaced dead tile 
        4D
        .
      </div>
    </div>
  </div>
  <div>
    <div
      className="move"
      onClick={[Function]}
    >
      <div>
        <span
          className="username"
        >
          Rita
        </span>
         ended the game.
      </div>
    </div>
  </div>
  <div>
    <div
      className="move"
      onClick={[Function]}
    >
      <div>
        No tiles played for an entire round. Game end forced.
      </div>
    </div>
  </div>
  <div>
    <div
      className="move"
      onClick={[Function]}
    >
      <div>
        All tiles have been played. Game end forced.
      </div>
    </div>
  </div>
</div>
`;
